// Jest Snapshot v1, https://goo.gl/fbAQLP

exports[`<SectionHome /> should render match a snapshot 1`] = `
.c3 {
  color: #0A1128;
  line-height: 1.2;
  font-size: 4.0rem;
  text-transform: none;
}

.c4 {
  color: #0A1128;
  line-height: 1.2;
  font-size: 3.2rem;
  text-transform: none;
}

.c1 {
  height: 500px;
  max-height: 500px;
  width: 100%;
  padding: 0px 6.4rem;
  margin: calc(6.4rem + 5.6rem) auto;
}

.c0 {
  display: -webkit-box;
  display: -webkit-flex;
  display: -ms-flexbox;
  display: flex;
  -webkit-flex-direction: column;
  -ms-flex-direction: column;
  flex-direction: column;
  -webkit-align-items: center;
  -webkit-box-align: center;
  -ms-flex-align: center;
  align-items: center;
  -webkit-box-pack: center;
  -webkit-justify-content: center;
  -ms-flex-pack: center;
  justify-content: center;
  width: 100%;
  margin: 0 auto;
}

.c0 p {
  margin: 1.6rem;
  padding: 0;
  width: 100%;
  font-size: 2.4rem;
}

.c0 .c2 {
  margin: 1.6rem;
  padding: 0;
  width: 100%;
}

@media (max-width:360px) {
  .c3 {
    font-size: 2.4rem;
  }
}

@media (max-width:768px) {
  .c3 {
    font-size: 3.2rem;
  }
}

@media (max-width:360px) {
  .c4 {
    font-size: 1.6rem;
  }
}

@media (max-width:768px) {
  .c4 {
    font-size: 2.4rem;
  }
}

@media (max-width:360px) {
  .c1 {
    padding: 0px 1.6rem;
  }
}

<div>
  <section
    class="c0"
    id="#"
  >
    <div
      class="c1"
    >
      <p>
        Olá, seja bem-vindo ao meu portfólio.
      </p>
      <h1
        class="c2 c3"
      >
        Tício de Souza e Silva
        .
      </h1>
      <h2
        class="c2 c3"
      >
        Desenvolvedor WEB Júnior
        .
      </h2>
      <h2
        class="c2 c4"
      >
        Javascript | NodeJS | React
      </h2>
    </div>
  </section>
</div>
`;
