// Jest Snapshot v1, https://goo.gl/fbAQLP

exports[`<LogoLink /> should match snapshot 1`] = `
.c0 {
  display: -webkit-box;
  display: -webkit-flex;
  display: -ms-flexbox;
  display: flex;
  -webkit-align-items: center;
  -webkit-box-align: center;
  -ms-flex-align: center;
  align-items: center;
  -webkit-text-decoration: none;
  text-decoration: none;
  color: inherit;
}

.c0 > img {
  width: 6.4rem;
  height: 6.4rem;
  cursor: pointer;
}

<div>
  <a
    aria-label="logo link"
    class="c0"
    rel="internal"
    target="_self"
  >
    <img
      alt="logo"
      src="assets/images/logo.png"
    />
  </a>
</div>
`;
