// Jest Snapshot v1, https://goo.gl/fbAQLP

exports[`<Section /> should match snapshot 1`] = `
.c0 {
  display: -webkit-box;
  display: -webkit-flex;
  display: -ms-flexbox;
  display: flex;
  -webkit-flex-direction: column;
  -ms-flex-direction: column;
  flex-direction: column;
  -webkit-align-items: center;
  -webkit-box-align: center;
  -ms-flex-align: center;
  align-items: center;
  -webkit-box-pack: center;
  -webkit-justify-content: center;
  -ms-flex-pack: center;
  justify-content: center;
  height: 500px;
  max-height: 500px;
  padding: 0px 2.5rem;
}

<div>
  <div
    class="c0"
  >
    <h1>
      Ol√°
    </h1>
  </div>
</div>
`;
